di 09 dec 2025 16:07:37 CET
;; 1. Based on: run01
;; 2. Description: PMX001 Two Compartment
;; x1. Joshua I., Ali K.
;; 2025-12-09
$PROBLEM    PMX001 Two Compartment
$INPUT      DUMMY=DROP ID TIME WEEK DOSE=DROP RATE CONC=DV ADA BW ALB
            SEX AGE CREAT COL EVID AMT
$DATA      dataset_clean.csv IGNORE=@
$SUBROUTINE ADVAN13 ; general nonlinear model
            TOL=9 ; tolerance for $DES,higher TOL: more accurate,but slower computation

; TOL=9 -> DES will aim for accuracy of 1E-9 for each integration step
$MODEL      NCOMP=2 ; number of compartments
            COMP=(DOSE,DEFDOSE,DEFOBS) ; first (central) compartment
            COMP=(PERIPH) ; second (peripheral) compartment
$PK
TVCL = THETA(1)
  CL = TVCL * EXP(ETA(1))
TVV1 = THETA(2)
  V1 = TVV1 * EXP(ETA(2))
TVV2 = THETA(3)
  V2 = TVV2
 TVQ = THETA(4)
   Q = TVQ
 K10 = CL/V1
 K12 = Q/V1
 K21 = Q/V2
  S1 = V1 ; scale prediction based on DOSE (mmol) and DV (mmol/L)
  S2 = V2

$THETA  (0,0.012) ; CL [1]
 (0,4.45) ; V1 [2,3]
 (0,10) ; V2
 (0,1) ; Q
$OMEGA  0.05  ;     IIV CL
 0.05  ;     IIV V1
$SIGMA  0.1  ; proportional error
 ; residual variability
$DES DADT(1) = -K10*A(1) -K12*A(1) +K21*A(2) ; ODE for central    compartment
     DADT(2) =            K12*A(1) -K21*A(2) ; ODE for peripheral compartment
     
$ERROR
IPRED = F
Y = IPRED + IPRED*ERR(1)
W = SQRT(IPRED**2*SIGMA(1,1)) ;; new
IRES  = CONC - IPRED
IWRES = IRES / W

$ESTIMATION METHOD=1 INTERACTION ; FOCE-I
            MAXEVAL=9999 SIG=3 PRINT=5
$COVARIANCE PRINT=E UNCONDITIONAL MATRIX=S
 ; output table for standard outcomes
$TABLE      ID TIME DV EVID PRED IPRED WRES IWRES RES IRES CWRES
            NOPRINT ONEHEADER FILE=run02_sdtab
 ; output table for PK parameters
$TABLE      ID CL V1 V2 Q K10 K12 K21 NOPRINT NOAPPEND ONEHEADER
            FILE=run02_patab
 ; output table for categorical covariates
$TABLE      ID ADA SEX COL NOPRINT NOAPPEND ONEHEADER FILE=run02_catab
 ; output table for continuous covariates
$TABLE      ID BW ALB AGE CREAT NOPRINT NOAPPEND ONEHEADER
            FILE=run02_cotab
;; REFERENCES

;; 1) https://www.ncbi.nlm.nih.gov/books/NBK557889/

;; 2) https://pmc.ncbi.nlm.nih.gov/articles/PMC8301575/

;; 3) https://ascpt.onlinelibrary.wiley.com/doi/abs/10.1016/j.clpt.2004.12.212


NM-TRAN MESSAGES
  
 WARNINGS AND ERRORS (IF ANY) FOR PROBLEM    1
             
 (WARNING  2) NM-TRAN INFERS THAT THE DATA ARE POPULATION.
             
 (WARNING  79) SIGMA IS USED ON THE RIGHT. WITH A SUBSEQUENT RUN, IF AN
 INITIAL ESTIMATE OF A DIAGONAL BLOCK OF SIGMA IS TO BE COMPUTED BY
 NONMEM, THAT BLOCK WILL BE SET TO AN IDENTITY MATRIX DURING THAT
 COMPUTATION. THIS COULD LEAD TO AN ARITHMETIC EXCEPTION.*

 * THE MAXIMUM NUMBER OF WARNINGS OF ONE OR MORE TYPES WAS REACHED.
 IT IS POSSIBLE THAT SOME WARNING MESSAGES WERE SUPPRESSED.
  
Note: Analytical 2nd Derivatives are constructed in FSUBS but are never used.
      You may insert $ABBR DERIV2=NO after the first $PROB to save FSUBS construction and compilation time
  

License Registered to: Erwin DREESEN KU Leuven
Expiration Date:    25 JAN 2026
Current Date:        9 DEC 2025
Days until program expires :  51
1NONLINEAR MIXED EFFECTS MODEL PROGRAM (NONMEM) VERSION 7.6.0 (nm760)
 ORIGINALLY DEVELOPED BY STUART BEAL, LEWIS SHEINER, AND ALISON BOECKMANN
 CURRENT DEVELOPERS ARE ROBERT BAUER, ICON DEVELOPMENT SOLUTIONS,
 AND ALISON BOECKMANN. IMPLEMENTATION, EFFICIENCY, AND STANDARDIZATION
 PERFORMED BY NOUS INFOSYSTEMS.

 PROBLEM NO.:         1
 PMX001 Two Compartment
0DATA CHECKOUT RUN:              NO
 DATA SET LOCATED ON UNIT NO.:    2
 THIS UNIT TO BE REWOUND:        NO
 CREATE/ADD TO FDATA.csv:        YES
 NO. OF DATA RECS IN DATA SET:    11475
 NO. OF DATA ITEMS IN DATA SET:  15
 ID DATA ITEM IS DATA ITEM NO.:   1
 DEP VARIABLE IS DATA ITEM NO.:   5
 MDV DATA ITEM IS DATA ITEM NO.: 15
0INDICES PASSED TO SUBROUTINE PRED:
  13   2  14   4   0   0   0   0   0   0   0
0LABELS FOR DATA ITEMS:
 ID TIME WEEK RATE CONC ADA BW ALB SEX AGE CREAT COL EVID AMT MDV
0(NONBLANK) LABELS FOR PRED-DEFINED ITEMS:
 CL V1 V2 Q K10 K12 K21 IPRED IRES IWRES
0FORMAT FOR DATA:
 (4(3E21.0/),2E21.0,1F2.0)

 TOT. NO. OF OBS RECS:     2801
 TOT. NO. OF INDIVIDUALS:       75
0LENGTH OF THETA:   4
0DEFAULT THETA BOUNDARY TEST OMITTED:    NO
0OMEGA HAS SIMPLE DIAGONAL FORM WITH DIMENSION:   2
0DEFAULT OMEGA BOUNDARY TEST OMITTED:    NO
0SIGMA HAS SIMPLE DIAGONAL FORM WITH DIMENSION:   1
0DEFAULT SIGMA BOUNDARY TEST OMITTED:    NO
0INITIAL ESTIMATE OF THETA:
 LOWER BOUND    INITIAL EST    UPPER BOUND
  0.0000E+00     0.1200E-01     0.1000E+07
  0.0000E+00     0.4450E+01     0.1000E+07
  0.0000E+00     0.1000E+02     0.1000E+07
  0.0000E+00     0.1000E+01     0.1000E+07
0INITIAL ESTIMATE OF OMEGA:
 0.5000E-01
 0.0000E+00   0.5000E-01
0INITIAL ESTIMATE OF SIGMA:
 0.1000E+00
0COVARIANCE STEP OMITTED:        NO
 R MATRIX SUBSTITUTED:           NO
 S MATRIX SUBSTITUTED:          YES
 EIGENVLS. PRINTED:             YES
 SPECIAL COMPUTATION:            NO
 COMPRESSED FORMAT:              NO
 GRADIENT METHOD USED:     NOSLOW
 SIGDIGITS ETAHAT (SIGLO):                  -1
 SIGDIGITS GRADIENTS (SIGL):                -1
 EXCLUDE COV FOR FOCE (NOFCOV):              NO
 Cholesky Transposition of R Matrix (CHOLROFF):0
 KNUTHSUMOFF:                                -1
 RESUME COV ANALYSIS (RESUME):               NO
 SIR SAMPLE SIZE (SIRSAMPLE):
 NON-LINEARLY TRANSFORM THETAS DURING COV (THBND): 1
 PRECONDTIONING CYCLES (PRECOND):        0
 PRECONDTIONING TYPES (PRECONDS):        TOS
 FORCED PRECONDTIONING CYCLES (PFCOND):0
 PRECONDTIONING TYPE (PRETYPE):        0
 FORCED POS. DEFINITE SETTING DURING PRECONDITIONING: (FPOSDEF):0
 SIMPLE POS. DEFINITE SETTING: (POSDEF):-1
0TABLES STEP OMITTED:    NO
 NO. OF TABLES:           4
 SEED NUMBER (SEED):    11456
 NPDTYPE:    0
 INTERPTYPE:    0
 RANMETHOD:             3U
 MC SAMPLES (ESAMPLE):    300
 WRES SQUARE ROOT TYPE (WRESCHOL): EIGENVALUE
0-- TABLE   1 --
0RECORDS ONLY:    ALL
04 COLUMNS APPENDED:    YES
 PRINTED:                NO
 HEADERS:               ONE
 FILE TO BE FORWARDED:   NO
 FORMAT:                S1PE11.4
 IDFORMAT:
 LFORMAT:
 RFORMAT:
 FIXED_EFFECT_ETAS:
0USER-CHOSEN ITEMS:
 ID TIME CONC EVID IPRED IWRES IRES CWRES
0-- TABLE   2 --
0RECORDS ONLY:    ALL
04 COLUMNS APPENDED:    NO
 PRINTED:                NO
 HEADERS:               ONE
 FILE TO BE FORWARDED:   NO
 FORMAT:                S1PE11.4
 IDFORMAT:
 LFORMAT:
 RFORMAT:
 FIXED_EFFECT_ETAS:
0USER-CHOSEN ITEMS:
 ID CL V1 V2 Q K10 K12 K21
0-- TABLE   3 --
0RECORDS ONLY:    ALL
04 COLUMNS APPENDED:    NO
 PRINTED:                NO
 HEADERS:               ONE
 FILE TO BE FORWARDED:   NO
 FORMAT:                S1PE11.4
 IDFORMAT:
 LFORMAT:
 RFORMAT:
 FIXED_EFFECT_ETAS:
0USER-CHOSEN ITEMS:
 ID ADA SEX COL
0-- TABLE   4 --
0RECORDS ONLY:    ALL
04 COLUMNS APPENDED:    NO
 PRINTED:                NO
 HEADERS:               ONE
 FILE TO BE FORWARDED:   NO
 FORMAT:                S1PE11.4
 IDFORMAT:
 LFORMAT:
 RFORMAT:
 FIXED_EFFECT_ETAS:
0USER-CHOSEN ITEMS:
 ID BW ALB AGE CREAT
1DOUBLE PRECISION PREDPP VERSION 7.6.0 (nm760)

 GENERAL NONLINEAR KINETICS MODEL WITH STIFF/NONSTIFF EQUATIONS (LSODA, ADVAN13)
0MODEL SUBROUTINE USER-SUPPLIED - ID NO. 9999
0MAXIMUM NO. OF BASIC PK PARAMETERS:   3
0COMPARTMENT ATTRIBUTES
 COMPT. NO.   FUNCTION   INITIAL    ON/OFF      DOSE      DEFAULT    DEFAULT
                         STATUS     ALLOWED    ALLOWED    FOR DOSE   FOR OBS.
    1         DOSE         ON         YES        YES        YES        YES
    2         PERIPH       ON         YES        YES        NO         NO
    3         OUTPUT       OFF        YES        NO         NO         NO
 INITIAL (BASE) TOLERANCE SETTINGS:
 NRD (RELATIVE) VALUE(S) OF TOLERANCE:   9
 ANRD (ABSOLUTE) VALUE(S) OF TOLERANCE:  12
1
 ADDITIONAL PK PARAMETERS - ASSIGNMENT OF ROWS IN GG
 COMPT. NO.                             INDICES
              SCALE      BIOAVAIL.   ZERO-ORDER  ZERO-ORDER  ABSORB
                         FRACTION    RATE        DURATION    LAG
    1            4           *           *           *           *
    2            5           *           *           *           *
    3            *           -           -           -           -
             - PARAMETER IS NOT ALLOWED FOR THIS MODEL
             * PARAMETER IS NOT SUPPLIED BY PK SUBROUTINE;
               WILL DEFAULT TO ONE IF APPLICABLE
0DATA ITEM INDICES USED BY PRED ARE:
   EVENT ID DATA ITEM IS DATA ITEM NO.:     13
   TIME DATA ITEM IS DATA ITEM NO.:          2
   DOSE AMOUNT DATA ITEM IS DATA ITEM NO.:  14
   DOSE RATE DATA ITEM IS DATA ITEM NO.:     4

0PK SUBROUTINE CALLED WITH EVERY EVENT RECORD.
 PK SUBROUTINE NOT CALLED AT NONEVENT (ADDITIONAL OR LAGGED) DOSE TIMES.
0ERROR SUBROUTINE CALLED WITH EVERY EVENT RECORD.
0DES SUBROUTINE USES COMPACT STORAGE MODE.
1


 #TBLN:      1
 #METH: First Order Conditional Estimation with Interaction

 ESTIMATION STEP OMITTED:                 NO
 SHRINK INFO WITH EVALUATION (EVALSHRINK) NO
 ANALYSIS TYPE:                           POPULATION
 NUMBER OF SADDLE POINT RESET ITERATIONS:      0
 GRADIENT METHOD USED:               NOSLOW
 CONDITIONAL ESTIMATES USED:              YES
 CENTERED ETA:                            NO
 EPS-ETA INTERACTION:                     YES
 LAPLACIAN OBJ. FUNC.:                    NO
 NO. OF FUNCT. EVALS. ALLOWED:            9999
 NO. OF SIG. FIGURES REQUIRED:            3
 INTERMEDIATE PRINTOUT:                   YES
 ESTIMATE OUTPUT TO MSF:                  NO
 IND. OBJ. FUNC. VALUES SORTED:           NO
 NUMERICAL DERIVATIVE
       FILE REQUEST (NUMDER):               NONE
 MAP (ETAHAT) ESTIMATION METHOD (OPTMAP):   0
 ETA HESSIAN EVALUATION METHOD (ETADER):    0
 INITIAL ETA FOR MAP ESTIMATION (MCETA):    0
 SIGDIGITS FOR MAP ESTIMATION (SIGLO):      100
 GRADIENT SIGDIGITS OF
       FIXED EFFECTS PARAMETERS (SIGL):     100
 NOPRIOR SETTING (NOPRIOR):                 0
 NOCOV SETTING (NOCOV):                     OFF
 DERCONT SETTING (DERCONT):                 OFF
 FINAL ETA RE-EVALUATION (FNLETA):          1
 EXCLUDE NON-INFLUENTIAL (NON-INFL.) ETAS
       IN SHRINKAGE (ETASTYPE):             NO
 NON-INFL. ETA CORRECTION (NONINFETA):      0
 RAW OUTPUT FILE (FILE): psn.ext
 EXCLUDE TITLE (NOTITLE):                   NO
 EXCLUDE COLUMN LABELS (NOLABEL):           NO
 FORMAT FOR ADDITIONAL FILES (FORMAT):      S1PE12.5
 PARAMETER ORDER FOR OUTPUTS (ORDER):       TSOL
 KNUTHSUMOFF:                               0
 INCLUDE LNTWOPI:                           NO
 INCLUDE CONSTANT TERM TO PRIOR (PRIORC):   NO
 INCLUDE CONSTANT TERM TO OMEGA (ETA) (OLNTWOPI):NO
 ADDITIONAL CONVERGENCE TEST (CTYPE=4)?:    NO
 EM OR BAYESIAN METHOD USED:                 NONE

 TOLERANCES FOR ESTIMATION/EVALUATION STEP:
 NRD (RELATIVE) VALUE(S) OF TOLERANCE:   9
 ANRD (ABSOLUTE) VALUE(S) OF TOLERANCE:  12
 TOLERANCES FOR COVARIANCE STEP:
 NRD (RELATIVE) VALUE(S) OF TOLERANCE:   9
 ANRD (ABSOLUTE) VALUE(S) OF TOLERANCE:  12
 TOLERANCES FOR TABLE/SCATTER STEP:
 NRD (RELATIVE) VALUE(S) OF TOLERANCE:   9
 ANRD (ABSOLUTE) VALUE(S) OF TOLERANCE:  12

 THE FOLLOWING LABELS ARE EQUIVALENT
 PRED=PREDI
 RES=RESI
 WRES=WRESI
 IWRS=IWRESI
 IPRD=IPREDI
 IRS=IRESI

 MONITORING OF SEARCH:


0ITERATION NO.:    0    OBJECTIVE VALUE:   27215.2095439039        NO. OF FUNC. EVALS.:   7
 CUMULATIVE NO. OF FUNC. EVALS.:        7
 NPARAMETR:  1.2000E-02  4.4500E+00  1.0000E+01  1.0000E+00  5.0000E-02  5.0000E-02  1.0000E-01
 PARAMETER:  1.0000E-01  1.0000E-01  1.0000E-01  1.0000E-01  1.0000E-01  1.0000E-01  1.0000E-01
 GRADIENT:  -1.5738E+02 -8.8326E+02 -2.6825E+03 -1.2626E+03 -7.0349E+00 -1.1781E+03 -1.3489E+04

0ITERATION NO.:    5    OBJECTIVE VALUE:   20715.3017633774        NO. OF FUNC. EVALS.:  44
 CUMULATIVE NO. OF FUNC. EVALS.:       51
 NPARAMETR:  1.4080E-02  7.2773E+00  1.5355E+02  1.2738E+00  5.3416E-02  1.2082E+00  4.5870E-01
 PARAMETER:  2.5985E-01  5.9186E-01  2.8315E+00  3.4198E-01  1.3305E-01  1.6924E+00  8.6161E-01
 GRADIENT:   2.5042E+01  1.5495E+01  9.9102E+02  1.3928E+03 -1.0827E+01  1.0804E+02 -1.5739E+03

0ITERATION NO.:   10    OBJECTIVE VALUE:   17407.3888193637        NO. OF FUNC. EVALS.:  44
 CUMULATIVE NO. OF FUNC. EVALS.:       95
 NPARAMETR:  1.2000E-04  6.7629E+00  2.9893E+02  6.2458E-01  2.8538E+07  5.1529E+00  4.9702E-01
 PARAMETER: -1.2476E+01  5.1855E-01  3.4976E+00 -3.7068E-01  1.0181E+01  2.4176E+00  9.0173E-01
 GRADIENT:   0.0000E+00  1.0976E+01 -3.1948E+02  1.6704E+03  1.2800E+02  1.4281E+02  1.1318E+03

0ITERATION NO.:   15    OBJECTIVE VALUE:   15868.3527958676        NO. OF FUNC. EVALS.:  45
 CUMULATIVE NO. OF FUNC. EVALS.:      140
 NPARAMETR:  1.2000E-04  7.6103E+00  2.3174E+02  4.3051E-01  1.0019E+02  2.7988E-01  2.5130E-01
 PARAMETER: -9.9082E+00  6.3660E-01  3.2430E+00 -7.4278E-01  3.9014E+00  9.6116E-01  5.6073E-01
 GRADIENT:   0.0000E+00  1.9882E+02 -4.2217E+02  1.0801E+03  2.3601E+01 -4.5170E+01  2.0934E+02

0ITERATION NO.:   20    OBJECTIVE VALUE:   12877.0604899191        NO. OF FUNC. EVALS.:  42
 CUMULATIVE NO. OF FUNC. EVALS.:      182
 NPARAMETR:  1.2000E-04  5.9010E+00  4.1372E+04  1.0000E-02  1.9173E+02  6.6235E-01  2.9382E-01
 PARAMETER: -8.1329E+01  3.8223E-01  8.4278E+00 -5.1068E+00  4.2259E+00  1.3919E+00  6.3890E-01
 GRADIENT:   0.0000E+00  7.5144E+01 -6.3649E+01  0.0000E+00  8.2079E+01  8.9659E+01  1.1250E+03

0ITERATION NO.:   25    OBJECTIVE VALUE:   12807.1380068603        NO. OF FUNC. EVALS.:  56
 CUMULATIVE NO. OF FUNC. EVALS.:      238
 NPARAMETR:  1.2000E-04  5.9293E+00  4.4185E+04  1.0000E-02  1.3079E+02  6.4572E-01  2.6490E-01
 PARAMETER: -8.3345E+01  3.8701E-01  8.4936E+00 -5.2591E+00  4.0346E+00  1.3792E+00  5.8709E-01
 GRADIENT:   0.0000E+00  1.2816E+01 -6.3911E+01  0.0000E+00  5.0819E+01  8.7744E+01  8.6904E+02

0ITERATION NO.:   30    OBJECTIVE VALUE:   12697.9616867001        NO. OF FUNC. EVALS.:  66
 CUMULATIVE NO. OF FUNC. EVALS.:      304
 NPARAMETR:  1.2000E-04  5.0083E+00  8.0517E+04  1.0000E-02  1.3109E+02  2.6715E-01  1.9587E-01
 PARAMETER: -8.3345E+01  2.1818E-01  9.0936E+00 -5.2591E+00  4.0358E+00  9.3790E-01  4.3615E-01
 GRADIENT:   0.0000E+00  1.3765E+01  7.6492E+00  0.0000E+00  5.2199E+01  2.9386E+00 -4.5646E+01

0ITERATION NO.:   35    OBJECTIVE VALUE:   12696.3392606477        NO. OF FUNC. EVALS.:  75
 CUMULATIVE NO. OF FUNC. EVALS.:      379
 NPARAMETR:  1.2000E-04  5.3659E+00  7.7257E+04  1.0000E-02  1.3108E+02  2.5790E-01  1.9897E-01
 PARAMETER: -8.3345E+01  2.8716E-01  9.0523E+00 -5.2591E+00  4.0358E+00  9.2027E-01  4.4398E-01
 GRADIENT:   0.0000E+00  1.3075E-02 -1.2966E-01  0.0000E+00  5.2118E+01  3.5870E-01  6.2924E-01

0ITERATION NO.:   40    OBJECTIVE VALUE:   12696.3368623060        NO. OF FUNC. EVALS.:  86
 CUMULATIVE NO. OF FUNC. EVALS.:      465
 NPARAMETR:  1.2000E-04  5.3717E+00  7.7325E+04  1.0000E-02  1.3107E+02  2.5746E-01  1.9893E-01
 PARAMETER: -8.3345E+01  2.8825E-01  9.0532E+00 -5.2591E+00  4.0357E+00  9.1942E-01  4.4389E-01
 GRADIENT:   0.0000E+00  6.3426E-01  2.1855E-02  0.0000E+00  5.2109E+01  1.1365E-01 -2.1721E-01

0ITERATION NO.:   45    OBJECTIVE VALUE:   12694.5655755296        NO. OF FUNC. EVALS.:  88
 CUMULATIVE NO. OF FUNC. EVALS.:      553
 NPARAMETR:  1.2000E-04  5.6709E+00  7.7594E+04  1.0000E-02  1.1551E+02  2.8237E-01  1.9884E-01
 PARAMETER: -8.3345E+01  3.4244E-01  9.0567E+00 -5.2591E+00  3.9725E+00  9.6560E-01  4.4367E-01
 GRADIENT:   0.0000E+00  2.8827E+01  8.1836E-01  0.0000E+00  3.8903E+01  1.1294E+01 -8.2912E+00

0ITERATION NO.:   50    OBJECTIVE VALUE:   12693.0272855120        NO. OF FUNC. EVALS.: 100
 CUMULATIVE NO. OF FUNC. EVALS.:      653
 NPARAMETR:  1.2000E-04  5.3491E+00  7.7307E+04  1.0000E-02  1.1289E+02  2.6017E-01  1.9878E-01
 PARAMETER: -8.3345E+01  2.8403E-01  9.0530E+00 -5.2591E+00  3.9611E+00  9.2465E-01  4.4351E-01
 GRADIENT:   0.0000E+00 -1.6719E+00 -7.6132E-02  0.0000E+00  3.6353E+01  1.6105E+00 -2.0378E+00

0ITERATION NO.:   55    OBJECTIVE VALUE:   12693.0198484579        NO. OF FUNC. EVALS.:  85
 CUMULATIVE NO. OF FUNC. EVALS.:      738
 NPARAMETR:  1.2000E-04  5.3659E+00  7.7329E+04  1.0000E-02  1.1289E+02  2.5723E-01  1.9890E-01
 PARAMETER: -8.3345E+01  2.8717E-01  9.0532E+00 -5.2591E+00  3.9611E+00  9.1898E-01  4.4382E-01
 GRADIENT:   0.0000E+00  5.2887E-02  8.8057E-04  0.0000E+00  3.6347E+01 -9.7228E-03 -7.5661E-02

0ITERATION NO.:   60    OBJECTIVE VALUE:   12693.0150108384        NO. OF FUNC. EVALS.:  88
 CUMULATIVE NO. OF FUNC. EVALS.:      826
 NPARAMETR:  1.2000E-04  5.3838E+00  7.7309E+04  1.0000E-02  1.1284E+02  2.5730E-01  1.9891E-01
 PARAMETER: -8.3345E+01  2.9049E-01  9.0530E+00 -5.2591E+00  3.9608E+00  9.1911E-01  4.4383E-01
 GRADIENT:   0.0000E+00  1.9458E+00 -2.9523E-02  0.0000E+00  3.6291E+01  2.1864E-02 -5.1332E-01

0ITERATION NO.:   65    OBJECTIVE VALUE:   12692.8910547579        NO. OF FUNC. EVALS.: 104
 CUMULATIVE NO. OF FUNC. EVALS.:      930
 NPARAMETR:  1.2000E-04  5.3591E+00  7.7269E+04  1.0000E-02  1.1208E+02  2.5763E-01  1.9898E-01
 PARAMETER: -8.3345E+01  2.8589E-01  9.0525E+00 -5.2591E+00  3.9575E+00  9.1976E-01  4.4401E-01
 GRADIENT:   0.0000E+00 -6.8834E-01 -1.2848E-01  0.0000E+00  3.5525E+01  2.1443E-01  1.5252E+00

0ITERATION NO.:   67    OBJECTIVE VALUE:   12692.8904756575        NO. OF FUNC. EVALS.:  26
 CUMULATIVE NO. OF FUNC. EVALS.:      956
 NPARAMETR:  1.2000E-04  5.3654E+00  7.7297E+04  1.0000E-02  1.1208E+02  2.5744E-01  1.9890E-01
 PARAMETER: -8.3345E+01  2.8707E-01  9.0528E+00 -5.2591E+00  3.9575E+00  9.1939E-01  4.4381E-01
 GRADIENT:   0.0000E+00  1.4360E-02 -7.3516E-02  0.0000E+00  3.5525E+01  1.0726E-01 -1.6107E-01

 #TERM:
0MINIMIZATION SUCCESSFUL
 NO. OF FUNCTION EVALUATIONS USED:      956
 NO. OF SIG. DIGITS IN FINAL EST.:  3.1
0PARAMETER ESTIMATE IS NEAR ITS BOUNDARY

 ETABAR IS THE ARITHMETIC MEAN OF THE ETA-ESTIMATES,
 AND THE P-VALUE IS GIVEN FOR THE NULL HYPOTHESIS THAT THE TRUE MEAN IS 0.

 ETABAR:         9.2212E+00 -7.2812E-04
 SE:             8.2079E-02  5.8038E-02
 N:                      75          75

 P VAL.:         0.0000E+00  9.8999E-01

 ETASHRINKSD(%)  1.2641E+01  9.3947E-01
 ETASHRINKVR(%)  2.3684E+01  1.8701E+00
 EBVSHRINKSD(%)  1.7724E-03  9.6447E-01
 EBVSHRINKVR(%)  3.5448E-03  1.9196E+00
 RELATIVEINF(%)  9.9996E+01  9.8080E+01
 EPSSHRINKSD(%)  1.8689E+00
 EPSSHRINKVR(%)  3.7029E+00

  
 TOTAL DATA POINTS NORMALLY DISTRIBUTED (N):         2801
 N*LOG(2PI) CONSTANT TO OBJECTIVE FUNCTION:    5147.8936630125763     
 OBJECTIVE FUNCTION VALUE WITHOUT CONSTANT:    12692.890475657528     
 OBJECTIVE FUNCTION VALUE WITH CONSTANT:       17840.784138670104     
 REPORTED OBJECTIVE FUNCTION DOES NOT CONTAIN CONSTANT
  
 TOTAL EFFECTIVE ETAS (NIND*NETA):                           150
  
 #TERE:
 Elapsed estimation  time in seconds:  1896.32
0S MATRIX ALGORITHMICALLY SINGULAR
0COVARIANCE MATRIX UNOBTAINABLE
 Elapsed covariance  time in seconds:    49.49
 Elapsed postprocess time in seconds:     4.54
1
 
 
 
 
 
 
 
 
 
 
 
 
 
 
 
 
 
 
 
 
 ************************************************************************************************************************
 ********************                                                                                ********************
 ********************               FIRST ORDER CONDITIONAL ESTIMATION WITH INTERACTION              ********************
 #OBJT:**************                       MINIMUM VALUE OF OBJECTIVE FUNCTION                      ********************
 ********************                                                                                ********************
 ************************************************************************************************************************
 





 #OBJV:********************************************         12692.890       *********************************************
1
 ************************************************************************************************************************
 ********************                                                                                ********************
 ********************               FIRST ORDER CONDITIONAL ESTIMATION WITH INTERACTION              ********************
 ********************                             FINAL PARAMETER ESTIMATE                           ********************
 ********************                                                                                ********************
 ************************************************************************************************************************
 


 THETA - VECTOR OF FIXED EFFECTS PARAMETERS   *********


         TH 1      TH 2      TH 3      TH 4     
 
         1.20E-04  5.37E+00  7.73E+04  1.00E-02
 


 OMEGA - COV MATRIX FOR RANDOM EFFECTS - ETAS  ********


         ETA1      ETA2     
 
 ETA1
+        1.12E+02
 
 ETA2
+        0.00E+00  2.57E-01
 


 SIGMA - COV MATRIX FOR RANDOM EFFECTS - EPSILONS  ****


         EPS1     
 
 EPS1
+        1.99E-01
 
1


 OMEGA - CORR MATRIX FOR RANDOM EFFECTS - ETAS  *******


         ETA1      ETA2     
 
 ETA1
+        1.06E+01
 
 ETA2
+        0.00E+00  5.07E-01
 


 SIGMA - CORR MATRIX FOR RANDOM EFFECTS - EPSILONS  ***


         EPS1     
 
 EPS1
+        4.46E-01
 
1
 ************************************************************************************************************************
 ********************                                                                                ********************
 ********************               FIRST ORDER CONDITIONAL ESTIMATION WITH INTERACTION              ********************
 ********************                                     S MATRIX                                   ********************
 ********************                                                                                ********************
 ************************************************************************************************************************
 

            TH 1      TH 2      TH 3      TH 4      OM11      OM12      OM22      SG11  
 
 TH 1
+        0.00E+00
 
 TH 2
+        0.00E+00  9.92E+00
 
 TH 3
+        0.00E+00 -8.58E-05  1.32E-08
 
 TH 4
+        0.00E+00  0.00E+00  0.00E+00  0.00E+00
 
 OM11
+        0.00E+00  1.32E-02 -8.99E-08  0.00E+00  1.03E-04
 
 OM12
+       ......... ......... ......... ......... ......... .........
 
 OM22
+        0.00E+00 -1.01E+01 -2.71E-04  0.00E+00 -1.21E-02 .........  3.36E+02
 
 SG11
+        0.00E+00 -2.64E+02  1.32E-02  0.00E+00 -3.61E-01 .........  8.21E+02  5.29E+04
 
 Elapsed finaloutput time in seconds:     0.48
 #CPUT: Total CPU Time in Seconds,     1949.227
Stop Time:
di 09 dec 2025 16:40:16 CET
