wo 07 jan 2026 02:30:37 CET
;; 1. Based on: run02
;; 2. Description: PMX001 2CMT LINEAR M7+ (BASE MODEL)
;; Joshua I., Ali K.
;; 2025-12-09
$PROBLEM    PMX001 Two Compartment
$INPUT      DUMMY=DROP ID TIME WEEK DOSE=AMT RATE CONC=DROP ADA BW ALB
            SEX=DROP AGE=DROP CREAT=DROP COL EVID BLQ CONC_M7=DV
$DATA      ../../../../../dataset_clean.csv IGNORE=@
$ABBREVIATED DERIV2=NO
$SUBROUTINE ADVAN13 ; general nonlinear model
            TOL=4 ; tolerance for $DES,higher TOL: more accurate,but slower computation

; TOL=7 -> DES will aim for accuracy of 1E-7 for each integration step
$MODEL      NCOMP=2 ; number of compartments
            COMP=(DOSE,DEFDOSE,DEFOBS) ; first (central) compartment
            COMP=(PERIPH) ; second (peripheral) compartment
$PK
;;; CLALB-DEFINITION START
CLALB = ( 1 + THETA(8)*(ALB - 31.87))
;;; CLALB-DEFINITION END


;;; V1BW-DEFINITION START
V1BW = ( 1 + THETA(7)*(BW - 65.91))
;;; V1BW-DEFINITION END


;;; V1ALB-DEFINITION START
V1ALB = ( 1 + THETA(6)*(ALB - 31.84))
;;; V1ALB-DEFINITION END

;;; V1-RELATION START
V1COV=V1ALB*V1BW
;;; V1-RELATION END


;;; CLADA-DEFINITION START
IF(ADA.EQ.0) CLADA = 1  ; Most common
IF(ADA.EQ.1) CLADA = ( 1 + THETA(5))
;;; CLADA-DEFINITION END

;;; CL-RELATION START
CLCOV=CLADA*CLALB
;;; CL-RELATION END


IF (EVID.EQ.1) LASTDOSE = TIME
TAD = TIME - LASTDOSE

TVCL = THETA(1)

TVCL = CLCOV*TVCL
TVV1 = THETA(2)

TVV1 = V1COV*TVV1
TVV2 = THETA(3)
 TVQ = THETA(4)
   
  CL = TVCL * EXP(ETA(1))
  V1 = TVV1 * EXP(ETA(2))
  V2 = TVV2
   Q = TVQ
 
 K10 = CL/V1
 K12 = Q/V1
 K21 = Q/V2
 
  S1 = V1/1 ; scale prediction based on DOSE (mmol) and DV (mmol/L)
  S2 = V2/1

$THETA  (0.001,1.43159,4.5) ; [1]   CL (L/d)
 (0.001,4.9331,8) ; [2,3] V1  (L)
 (0.01,0.105244,3) ; V2
 (0.001,1.88421,6) ; Q
 ; values are determined in 3 iterations
$THETA  (-1,4.92604,5) ; CLADA1
$THETA  (-0.134,-0.126969,0.085) ; V1ALB1
$THETA  (-0.054,-0.0534596,0.042) ; V1BW1
$THETA  (-0.135,8.4E-05,0.084) ; CLALB1
$DES DADT(1) = -K10*A(1) -K12*A(1) +K21*A(2) ; ODE for central    compartment
     DADT(2) =            K12*A(1) -K21*A(2) ; ODE for peripheral compartment
     
$ERROR
IPRED = F
LLOQ = 1  ; (mg/L)

; --- Residual error SDs ---
PROP_SD = SIGMA(1)
ADD_SD  = SIGMA(2)

; --- BLQ inflation (gentle, stable) ---
IF (BLQ.EQ.1) ADD_SD = ADD_SD + LLOQ

; --- Final residual error ---
W = SQRT(ADD_SD**2+PROP_SD**2)

IF (W.LE.0.000001) W=0.000001 ; Protective code

IRES=DV-IPRED
IWRES=IRES/W
Y = IPRED * (1 + EPS(1)) + EPS(2)

$OMEGA  0.615245  ;     IIV CL
 0.634313  ;     IIV V1
$SIGMA  0.291366  ; EPS(1), proportional
 1E-13  FIX  ;     EPS(2)  ; additive, required by M7+ censoring method
    ; residual variability
$ESTIMATION METHOD=1 INTERACTION ; FOCE-I
            SIG=3 SIGL=3 PRINT=5 MAXEVALS=9999 CTYPE=4


NM-TRAN MESSAGES
  
 WARNINGS AND ERRORS (IF ANY) FOR PROBLEM    1
             
 (WARNING  2) NM-TRAN INFERS THAT THE DATA ARE POPULATION.
             
 (WARNING  79) SIGMA IS USED ON THE RIGHT. WITH A SUBSEQUENT RUN, IF AN
 INITIAL ESTIMATE OF A DIAGONAL BLOCK OF SIGMA IS TO BE COMPUTED BY
 NONMEM, THAT BLOCK WILL BE SET TO AN IDENTITY MATRIX DURING THAT
 COMPUTATION. THIS COULD LEAD TO AN ARITHMETIC EXCEPTION.*

 * THE MAXIMUM NUMBER OF WARNINGS OF ONE OR MORE TYPES WAS REACHED.
 IT IS POSSIBLE THAT SOME WARNING MESSAGES WERE SUPPRESSED.

License Registered to: Erwin DREESEN KU Leuven
Expiration Date:    25 JAN 2026
Current Date:        7 JAN 2026
  **** WARNING!!! Days until program expires :  18 ****
  **** CONTACT idssoftware@iconplc.com FOR RENEWAL ****
1NONLINEAR MIXED EFFECTS MODEL PROGRAM (NONMEM) VERSION 7.6.0 (nm760)
 ORIGINALLY DEVELOPED BY STUART BEAL, LEWIS SHEINER, AND ALISON BOECKMANN
 CURRENT DEVELOPERS ARE ROBERT BAUER, ICON DEVELOPMENT SOLUTIONS,
 AND ALISON BOECKMANN. IMPLEMENTATION, EFFICIENCY, AND STANDARDIZATION
 PERFORMED BY NOUS INFOSYSTEMS.

 PROBLEM NO.:         1
 PMX001 Two Compartment
0DATA CHECKOUT RUN:              NO
 DATA SET LOCATED ON UNIT NO.:    2
 THIS UNIT TO BE REWOUND:        NO
 CREATE/ADD TO FDATA.csv:        YES
 NO. OF DATA RECS IN DATA SET:    11475
 NO. OF DATA ITEMS IN DATA SET:  13
 ID DATA ITEM IS DATA ITEM NO.:   1
 DEP VARIABLE IS DATA ITEM NO.:  12
 MDV DATA ITEM IS DATA ITEM NO.: 13
0INDICES PASSED TO SUBROUTINE PRED:
  10   2   4   5   0   0   0   0   0   0   0
0LABELS FOR DATA ITEMS:
 ID TIME WEEK DOSE RATE ADA BW ALB COL EVID BLQ CONC_M7 MDV
0FORMAT FOR DATA:
 (E2.0,E18.0,E2.0,2E16.0,E1.0,E16.0/E16.0,3E1.0,E16.0,1F2.0)

 TOT. NO. OF OBS RECS:     2801
 TOT. NO. OF INDIVIDUALS:       75
0LENGTH OF THETA:   8
0DEFAULT THETA BOUNDARY TEST OMITTED:    NO
0OMEGA HAS SIMPLE DIAGONAL FORM WITH DIMENSION:   2
0DEFAULT OMEGA BOUNDARY TEST OMITTED:    NO
0SIGMA HAS BLOCK FORM:
  1
  0  2
0DEFAULT SIGMA BOUNDARY TEST OMITTED:    NO
0INITIAL ESTIMATE OF THETA:
 LOWER BOUND    INITIAL EST    UPPER BOUND
  0.1000E-02     0.1432E+01     0.4500E+01
  0.1000E-02     0.4933E+01     0.8000E+01
  0.1000E-01     0.1052E+00     0.3000E+01
  0.1000E-02     0.1884E+01     0.6000E+01
 -0.1000E+01     0.4926E+01     0.5000E+01
 -0.1340E+00    -0.1270E+00     0.8500E-01
 -0.5400E-01    -0.5346E-01     0.4200E-01
 -0.1350E+00     0.8400E-04     0.8400E-01
0INITIAL ESTIMATE OF OMEGA:
 0.6152E+00
 0.0000E+00   0.6343E+00
0INITIAL ESTIMATE OF SIGMA:
 BLOCK SET NO.   BLOCK                                                                    FIXED
        1                                                                                   NO
                  0.2914E+00
        2                                                                                  YES
                  0.1000E-12
1DOUBLE PRECISION PREDPP VERSION 7.6.0 (nm760)

 GENERAL NONLINEAR KINETICS MODEL WITH STIFF/NONSTIFF EQUATIONS (LSODA, ADVAN13)
0MODEL SUBROUTINE USER-SUPPLIED - ID NO. 9999
0MAXIMUM NO. OF BASIC PK PARAMETERS:   3
0COMPARTMENT ATTRIBUTES
 COMPT. NO.   FUNCTION   INITIAL    ON/OFF      DOSE      DEFAULT    DEFAULT
                         STATUS     ALLOWED    ALLOWED    FOR DOSE   FOR OBS.
    1         DOSE         ON         YES        YES        YES        YES
    2         PERIPH       ON         YES        YES        NO         NO
    3         OUTPUT       OFF        YES        NO         NO         NO
 INITIAL (BASE) TOLERANCE SETTINGS:
 NRD (RELATIVE) VALUE(S) OF TOLERANCE:   4
 ANRD (ABSOLUTE) VALUE(S) OF TOLERANCE:  12
1
 ADDITIONAL PK PARAMETERS - ASSIGNMENT OF ROWS IN GG
 COMPT. NO.                             INDICES
              SCALE      BIOAVAIL.   ZERO-ORDER  ZERO-ORDER  ABSORB
                         FRACTION    RATE        DURATION    LAG
    1            4           *           *           *           *
    2            5           *           *           *           *
    3            *           -           -           -           -
             - PARAMETER IS NOT ALLOWED FOR THIS MODEL
             * PARAMETER IS NOT SUPPLIED BY PK SUBROUTINE;
               WILL DEFAULT TO ONE IF APPLICABLE
0DATA ITEM INDICES USED BY PRED ARE:
   EVENT ID DATA ITEM IS DATA ITEM NO.:     10
   TIME DATA ITEM IS DATA ITEM NO.:          2
   DOSE AMOUNT DATA ITEM IS DATA ITEM NO.:   4
   DOSE RATE DATA ITEM IS DATA ITEM NO.:     5

0PK SUBROUTINE CALLED WITH EVERY EVENT RECORD.
 PK SUBROUTINE NOT CALLED AT NONEVENT (ADDITIONAL OR LAGGED) DOSE TIMES.
0ERROR SUBROUTINE CALLED WITH EVERY EVENT RECORD.
0DES SUBROUTINE USES COMPACT STORAGE MODE.
1


 #TBLN:      1
 #METH: First Order Conditional Estimation with Interaction

 ESTIMATION STEP OMITTED:                 NO
 SHRINK INFO WITH EVALUATION (EVALSHRINK) NO
 ANALYSIS TYPE:                           POPULATION
 NUMBER OF SADDLE POINT RESET ITERATIONS:      0
 GRADIENT METHOD USED:               NOSLOW
 CONDITIONAL ESTIMATES USED:              YES
 CENTERED ETA:                            NO
 EPS-ETA INTERACTION:                     YES
 LAPLACIAN OBJ. FUNC.:                    NO
 NO. OF FUNCT. EVALS. ALLOWED:            9999
 NO. OF SIG. FIGURES REQUIRED:            3
 INTERMEDIATE PRINTOUT:                   YES
 ESTIMATE OUTPUT TO MSF:                  NO
 IND. OBJ. FUNC. VALUES SORTED:           NO
 NUMERICAL DERIVATIVE
       FILE REQUEST (NUMDER):               NONE
 MAP (ETAHAT) ESTIMATION METHOD (OPTMAP):   0
 ETA HESSIAN EVALUATION METHOD (ETADER):    0
 INITIAL ETA FOR MAP ESTIMATION (MCETA):    0
 SIGDIGITS FOR MAP ESTIMATION (SIGLO):      3
 GRADIENT SIGDIGITS OF
       FIXED EFFECTS PARAMETERS (SIGL):     3
 NOPRIOR SETTING (NOPRIOR):                 0
 NOCOV SETTING (NOCOV):                     OFF
 DERCONT SETTING (DERCONT):                 OFF
 FINAL ETA RE-EVALUATION (FNLETA):          1
 EXCLUDE NON-INFLUENTIAL (NON-INFL.) ETAS
       IN SHRINKAGE (ETASTYPE):             NO
 NON-INFL. ETA CORRECTION (NONINFETA):      0
 RAW OUTPUT FILE (FILE): psn.ext
 EXCLUDE TITLE (NOTITLE):                   NO
 EXCLUDE COLUMN LABELS (NOLABEL):           NO
 FORMAT FOR ADDITIONAL FILES (FORMAT):      S1PE12.5
 PARAMETER ORDER FOR OUTPUTS (ORDER):       TSOL
 KNUTHSUMOFF:                               0
 INCLUDE LNTWOPI:                           NO
 INCLUDE CONSTANT TERM TO PRIOR (PRIORC):   NO
 INCLUDE CONSTANT TERM TO OMEGA (ETA) (OLNTWOPI):NO
 ADDITIONAL CONVERGENCE TEST (CTYPE=4)?:    YES
 EM OR BAYESIAN METHOD USED:                 NONE

 TOLERANCES FOR ESTIMATION/EVALUATION STEP:
 NRD (RELATIVE) VALUE(S) OF TOLERANCE:   4
 ANRD (ABSOLUTE) VALUE(S) OF TOLERANCE:  12
 TOLERANCES FOR COVARIANCE STEP:
 NRD (RELATIVE) VALUE(S) OF TOLERANCE:   4
 ANRD (ABSOLUTE) VALUE(S) OF TOLERANCE:  12

 THE FOLLOWING LABELS ARE EQUIVALENT
 PRED=PREDI
 RES=RESI
 WRES=WRESI
 IWRS=IWRESI
 IPRD=IPREDI
 IRS=IRESI

 MONITORING OF SEARCH:


0ITERATION NO.:    0    OBJECTIVE VALUE:   10605.9661803652        NO. OF FUNC. EVALS.:  11
 CUMULATIVE NO. OF FUNC. EVALS.:       11
 NPARAMETR:  1.4316E+00  4.9331E+00  1.0524E-01  1.8842E+00  4.9260E+00 -1.2697E-01 -5.3460E-02  8.4000E-05  6.1524E-01  6.3431E-01
             2.9137E-01
 PARAMETER:  1.0000E-01  1.0000E-01  1.0000E-01  1.0000E-01  1.0000E-01  1.0000E-01  1.0000E-01  1.0000E-01  1.0000E-01  1.0000E-01
             1.0000E-01
 GRADIENT:  -3.6447E+01  1.4781E+01  6.6275E+00  3.4470E+00 -4.6938E-02  6.9837E-01  8.1450E-01 -4.1861E-01  1.2951E+00 -6.3207E-01
             1.1032E+01

0ITERATION NO.:    5    OBJECTIVE VALUE:   10605.9320645154        NO. OF FUNC. EVALS.: 170
 CUMULATIVE NO. OF FUNC. EVALS.:      181             RESET HESSIAN, TYPE I
 NPARAMETR:  1.4318E+00  4.9441E+00  1.0527E-01  1.8844E+00  4.9257E+00 -1.2698E-01 -5.3460E-02  7.3713E-05  6.1376E-01  6.3510E-01
             2.9120E-01
 PARAMETER:  1.0019E-01  1.0580E-01  1.0029E-01  1.0014E-01  9.5009E-02  9.8848E-02  9.9130E-02  9.9801E-02  9.8796E-02  1.0062E-01
             9.9720E-02
 GRADIENT:  -3.9808E+01  1.2416E+01 -1.3346E+00  2.7089E-01 -4.1107E-02  7.0101E-01  7.0748E-01  8.6033E-01  9.3358E-01 -3.8257E-01
             9.5964E+00

0ITERATION NO.:   10    OBJECTIVE VALUE:   10605.9224043408        NO. OF FUNC. EVALS.: 128
 CUMULATIVE NO. OF FUNC. EVALS.:      309
 NPARAMETR:  1.4324E+00  4.9421E+00  1.0527E-01  1.8844E+00  4.9267E+00 -1.2698E-01 -5.3460E-02  7.3144E-05  6.1365E-01  6.3511E-01
             2.9119E-01
 PARAMETER:  1.0084E-01  1.0475E-01  1.0032E-01  1.0012E-01  1.0880E-01  9.8602E-02  9.9127E-02  9.9790E-02  9.8699E-02  1.0063E-01
             9.9702E-02
 GRADIENT:  -3.8805E+01  1.8690E+01 -5.3543E-02  5.4173E+00 -3.6635E-02  2.9372E+00  9.1971E-01  3.4232E+00  8.9712E-01 -4.1773E-01
             8.7694E+00

0ITERATION NO.:   15    OBJECTIVE VALUE:   10605.9182846212        NO. OF FUNC. EVALS.: 157
 CUMULATIVE NO. OF FUNC. EVALS.:      466             RESET HESSIAN, TYPE I
 NPARAMETR:  1.4324E+00  4.9421E+00  1.0528E-01  1.8843E+00  4.9206E+00 -1.2698E-01 -5.3460E-02  7.3273E-05  6.1351E-01  6.3515E-01
             2.9119E-01
 PARAMETER:  1.0086E-01  1.0479E-01  1.0034E-01  1.0008E-01  2.8458E-02  9.8443E-02  9.9327E-02  9.9793E-02  9.8590E-02  1.0066E-01
             9.9705E-02
 GRADIENT:  -3.3136E+01  2.4594E+01  1.2191E+01  6.2573E+00 -4.1227E-02  3.1185E+00  1.5818E+00  5.7768E+00  8.7735E-01 -4.2652E-01
             9.1530E+00

0ITERATION NO.:   20    OBJECTIVE VALUE:   10605.9158298904        NO. OF FUNC. EVALS.: 116
 CUMULATIVE NO. OF FUNC. EVALS.:      582
 NPARAMETR:  1.4324E+00  4.9421E+00  1.0528E-01  1.8842E+00  4.9226E+00 -1.2698E-01 -5.3460E-02  7.2651E-05  6.1340E-01  6.3528E-01
             2.9119E-01
 PARAMETER:  1.0087E-01  1.0479E-01  1.0035E-01  1.0000E-01  5.3650E-02  9.7727E-02  9.9280E-02  9.9781E-02  9.8497E-02  1.0076E-01
             9.9694E-02
 GRADIENT:  -3.8104E+01  1.4328E+01  8.6433E-01  1.0881E+00 -4.2897E-02  1.5453E+00  8.6760E-02  6.4974E+00  8.4732E-01 -4.0267E-01
             8.5795E+00

0ITERATION NO.:   25    OBJECTIVE VALUE:   10605.9154519622        NO. OF FUNC. EVALS.: 103
 CUMULATIVE NO. OF FUNC. EVALS.:      685
 NPARAMETR:  1.4324E+00  4.9422E+00  1.0528E-01  1.8842E+00  4.9248E+00 -1.2698E-01 -5.3460E-02  7.1991E-05  6.1322E-01  6.3525E-01
             2.9119E-01
 PARAMETER:  1.0087E-01  1.0480E-01  1.0035E-01  1.0002E-01  8.2521E-02  9.7740E-02  9.9378E-02  9.9768E-02  9.8354E-02  1.0074E-01
             9.9704E-02
 GRADIENT:  -2.3109E+01  1.9606E+01  2.6348E+01  1.3150E+01 -4.1110E-02  3.8493E+00  8.3345E-01  8.7868E+00  8.0375E-01 -4.0762E-01
             9.1554E+00

0ITERATION NO.:   30    OBJECTIVE VALUE:   10605.9151471178        NO. OF FUNC. EVALS.: 158
 CUMULATIVE NO. OF FUNC. EVALS.:      843
 NPARAMETR:  1.4324E+00  4.9422E+00  1.0528E-01  1.8842E+00  4.9247E+00 -1.2698E-01 -5.3460E-02  7.2295E-05  6.1321E-01  6.3525E-01
             2.9119E-01
 PARAMETER:  1.0087E-01  1.0480E-01  1.0035E-01  1.0002E-01  8.2476E-02  9.7741E-02  9.9380E-02  9.9774E-02  9.8345E-02  1.0074E-01
             9.9706E-02
 GRADIENT:  -4.3121E+01 -2.8051E+01  3.1417E+00 -1.7629E+01  5.3525E-03 -6.6929E-01 -8.1913E-01 -3.5489E+00 -9.8184E-01 -3.4831E+00
            -2.2488E+01
 NUMSIGDIG:         3.5         4.1         4.7         3.5         0.5         4.0         3.7         3.2         3.7         3.4
                    3.5

 #TERM:
0MINIMIZATION TERMINATED
 DUE TO ROUNDING ERRORS (ERROR=134)
 NO. OF FUNCTION EVALUATIONS USED:      843
 NO. OF SIG. DIGITS IN FINAL EST.:  0.5
 ADDITIONAL PROBLEMS OCCURRED WITH THE MINIMIZATION.
 REGARD THE RESULTS OF THE ESTIMATION STEP CAREFULLY, AND ACCEPT THEM ONLY
 AFTER CHECKING THAT THE COVARIANCE STEP PRODUCES REASONABLE OUTPUT.

 ETABAR IS THE ARITHMETIC MEAN OF THE ETA-ESTIMATES,
 AND THE P-VALUE IS GIVEN FOR THE NULL HYPOTHESIS THAT THE TRUE MEAN IS 0.

 ETABAR:        -2.9021E-02  6.8726E-02
 SE:             8.9703E-02  9.1307E-02
 N:                      75          75

 P VAL.:         7.4630E-01  4.5164E-01

 ETASHRINKSD(%)  7.2665E-01  4.1472E-01
 ETASHRINKVR(%)  1.4480E+00  8.2772E-01
 EBVSHRINKSD(%)  4.3757E-01  5.5775E-01
 EBVSHRINKVR(%)  8.7323E-01  1.1124E+00
 RELATIVEINF(%)  9.9118E+01  9.8879E+01
 EPSSHRINKSD(%)  3.8662E+00  3.8662E+00
 EPSSHRINKVR(%)  7.5829E+00  7.5829E+00

  
 TOTAL DATA POINTS NORMALLY DISTRIBUTED (N):         2801
 N*LOG(2PI) CONSTANT TO OBJECTIVE FUNCTION:    5147.8936630125763     
 OBJECTIVE FUNCTION VALUE WITHOUT CONSTANT:    10605.915147117848     
 OBJECTIVE FUNCTION VALUE WITH CONSTANT:       15753.808810130424     
 REPORTED OBJECTIVE FUNCTION DOES NOT CONTAIN CONSTANT
  
 TOTAL EFFECTIVE ETAS (NIND*NETA):                           150
  
 #TERE:
 Elapsed estimation  time in seconds:  1332.64
 Elapsed postprocess time in seconds:     0.00
1
 
 
 
 
 
 
 
 
 
 
 
 
 
 
 
 
 
 
 
 
 ************************************************************************************************************************
 ********************                                                                                ********************
 ********************               FIRST ORDER CONDITIONAL ESTIMATION WITH INTERACTION              ********************
 #OBJT:**************                       MINIMUM VALUE OF OBJECTIVE FUNCTION                      ********************
 ********************                                                                                ********************
 ************************************************************************************************************************
 





 #OBJV:********************************************         10605.915       *********************************************
1
 ************************************************************************************************************************
 ********************                                                                                ********************
 ********************               FIRST ORDER CONDITIONAL ESTIMATION WITH INTERACTION              ********************
 ********************                             FINAL PARAMETER ESTIMATE                           ********************
 ********************                                                                                ********************
 ************************************************************************************************************************
 


 THETA - VECTOR OF FIXED EFFECTS PARAMETERS   *********


         TH 1      TH 2      TH 3      TH 4      TH 5      TH 6      TH 7      TH 8     
 
         1.43E+00  4.94E+00  1.05E-01  1.88E+00  4.92E+00 -1.27E-01 -5.35E-02  7.23E-05
 


 OMEGA - COV MATRIX FOR RANDOM EFFECTS - ETAS  ********


         ETA1      ETA2     
 
 ETA1
+        6.13E-01
 
 ETA2
+        0.00E+00  6.35E-01
 


 SIGMA - COV MATRIX FOR RANDOM EFFECTS - EPSILONS  ****


         EPS1      EPS2     
 
 EPS1
+        2.91E-01
 
 EPS2
+        0.00E+00  1.00E-13
 
1


 OMEGA - CORR MATRIX FOR RANDOM EFFECTS - ETAS  *******


         ETA1      ETA2     
 
 ETA1
+        7.83E-01
 
 ETA2
+        0.00E+00  7.97E-01
 


 SIGMA - CORR MATRIX FOR RANDOM EFFECTS - EPSILONS  ***


         EPS1      EPS2     
 
 EPS1
+        5.40E-01
 
 EPS2
+        0.00E+00  3.16E-07
 
 Elapsed finaloutput time in seconds:     0.00
 #CPUT: Total CPU Time in Seconds,     1327.932
Stop Time:
wo 07 jan 2026 02:53:00 CET
