do 08 jan 2026 01:22:40 CET
$PROBLEM    PMX001 Two Compartment
$INPUT      DUMMY=DROP ID TIME WEEK DOSE=AMT RATE CONC=DROP ADA BW ALB
            SEX AGE CREAT COL EVID BLQ CONC_M7=DV
$DATA      ../../m1/bs_pr1_98.dta IGNORE=@
$ABBREVIATED DERIV2=NO
$SUBROUTINE ADVAN13 ; general nonlinear model
            TOL=5 ; tolerance for $DES,higher TOL: more accurate,but slower computation
$MODEL      NCOMP=2 ; number of compartments
            COMP=(DOSE,DEFDOSE,DEFOBS) ; first (central) compartment
            COMP=(PERIPH) ; second (peripheral) compartment
$PK
IF (EVID.EQ.1) LASTDOSE = TIME
TAD = TIME - LASTDOSE

TVCL = THETA(1)
TVV1 = THETA(2)
TVV2 = THETA(3)
 TVQ = THETA(4)

IF(ADA.EQ.0) CLADA = 1  ; Most common
IF(ADA.EQ.1) CLADA = ( 1 + THETA(5))
V1ALB = ( 1 + THETA(6)*(ALB - 31.84))
   
  CL = TVCL * EXP(ETA(1)) * CLADA
  V1 = TVV1 * EXP(ETA(2)) * V1ALB
  V2 = TVV2
   Q = TVQ
 
 K10 = CL/V1
 K12 = Q/V1
 K21 = Q/V2
 
  S1 = V1/1 ; scale prediction based on DOSE (mmol) and DV (mmol/L)
  S2 = V2/1

$THETA  (0.001,1.39726,3) ; [1]   CL (L/d)
 (0.001,4.70664,7) ; [2,3] V1  (L)
 (0.01,0.228756,0.8) ; V2
 (0.001,2.1274,5) ; Q
 (0.001,5.78029,8) ; CLADA
 (-0.140,-0.127136,-0.001) ; V1ALB1
; values are determined in 3 iterations
$DES DADT(1) = -K10*A(1) -K12*A(1) +K21*A(2) ; ODE for central    compartment
     DADT(2) =            K12*A(1) -K21*A(2) ; ODE for peripheral compartment
     
$ERROR
IPRED = F
LLOQ = 1  ; (mg/L)

; --- Residual error SDs ---
PROP_SD = SIGMA(1)
ADD_SD  = SIGMA(2)

; --- BLQ inflation (gentle, stable) ---
IF (BLQ.EQ.1) ADD_SD = ADD_SD + LLOQ

; --- Final residual error ---
W = SQRT(ADD_SD**2+PROP_SD**2)

IF (W.LE.0.000001) W=0.000001 ; Protective code

IRES=DV-IPRED
IWRES=IRES/W
Y = IPRED * (1 + EPS(1)) + EPS(2)

$OMEGA  0.607047  ;     IIV CL
 0.375377  ;     IIV V1
$SIGMA  0.289024  ; EPS(1), proportional
 1E-13  FIX  ;     EPS(2)  ; additive, required by M7+ censoring method
; residual variability
$ESTIMATION METHOD=1 INTERACTION ; FOCE-I
            MAXEVAL=9999 SIG=3 PRINT=5


NM-TRAN MESSAGES
  
 WARNINGS AND ERRORS (IF ANY) FOR PROBLEM    1
             
 (WARNING  2) NM-TRAN INFERS THAT THE DATA ARE POPULATION.
             
 (WARNING  79) SIGMA IS USED ON THE RIGHT. WITH A SUBSEQUENT RUN, IF AN
 INITIAL ESTIMATE OF A DIAGONAL BLOCK OF SIGMA IS TO BE COMPUTED BY
 NONMEM, THAT BLOCK WILL BE SET TO AN IDENTITY MATRIX DURING THAT
 COMPUTATION. THIS COULD LEAD TO AN ARITHMETIC EXCEPTION.*

 * THE MAXIMUM NUMBER OF WARNINGS OF ONE OR MORE TYPES WAS REACHED.
 IT IS POSSIBLE THAT SOME WARNING MESSAGES WERE SUPPRESSED.

License Registered to: Erwin DREESEN KU Leuven
Expiration Date:    25 JAN 2026
Current Date:        8 JAN 2026
  **** WARNING!!! Days until program expires :  17 ****
  **** CONTACT idssoftware@iconplc.com FOR RENEWAL ****
1NONLINEAR MIXED EFFECTS MODEL PROGRAM (NONMEM) VERSION 7.6.0 (nm760)
 ORIGINALLY DEVELOPED BY STUART BEAL, LEWIS SHEINER, AND ALISON BOECKMANN
 CURRENT DEVELOPERS ARE ROBERT BAUER, ICON DEVELOPMENT SOLUTIONS,
 AND ALISON BOECKMANN. IMPLEMENTATION, EFFICIENCY, AND STANDARDIZATION
 PERFORMED BY NOUS INFOSYSTEMS.

 PROBLEM NO.:         1
 PMX001 Two Compartment
0DATA CHECKOUT RUN:              NO
 DATA SET LOCATED ON UNIT NO.:    2
 THIS UNIT TO BE REWOUND:        NO
 CREATE/ADD TO FDATA.csv:        YES
 NO. OF DATA RECS IN DATA SET:    11475
 NO. OF DATA ITEMS IN DATA SET:  16
 ID DATA ITEM IS DATA ITEM NO.:   1
 DEP VARIABLE IS DATA ITEM NO.:  15
 MDV DATA ITEM IS DATA ITEM NO.: 16
0INDICES PASSED TO SUBROUTINE PRED:
  13   2   4   5   0   0   0   0   0   0   0
0LABELS FOR DATA ITEMS:
 ID TIME WEEK DOSE RATE ADA BW ALB SEX AGE CREAT COL EVID BLQ CONC_M7 MDV
0FORMAT FOR DATA:
 (3(4E19.0/),3E19.0,1F2.0)

 TOT. NO. OF OBS RECS:     2815
 TOT. NO. OF INDIVIDUALS:       75
0LENGTH OF THETA:   6
0DEFAULT THETA BOUNDARY TEST OMITTED:    NO
0OMEGA HAS SIMPLE DIAGONAL FORM WITH DIMENSION:   2
0DEFAULT OMEGA BOUNDARY TEST OMITTED:    NO
0SIGMA HAS BLOCK FORM:
  1
  0  2
0DEFAULT SIGMA BOUNDARY TEST OMITTED:    NO
0INITIAL ESTIMATE OF THETA:
 LOWER BOUND    INITIAL EST    UPPER BOUND
  0.1000E-02     0.1397E+01     0.3000E+01
  0.1000E-02     0.4707E+01     0.7000E+01
  0.1000E-01     0.2288E+00     0.8000E+00
  0.1000E-02     0.2127E+01     0.5000E+01
  0.1000E-02     0.5780E+01     0.8000E+01
 -0.1400E+00    -0.1271E+00    -0.1000E-02
0INITIAL ESTIMATE OF OMEGA:
 0.6070E+00
 0.0000E+00   0.3754E+00
0INITIAL ESTIMATE OF SIGMA:
 BLOCK SET NO.   BLOCK                                                                    FIXED
        1                                                                                   NO
                  0.2890E+00
        2                                                                                  YES
                  0.1000E-12
1DOUBLE PRECISION PREDPP VERSION 7.6.0 (nm760)

 GENERAL NONLINEAR KINETICS MODEL WITH STIFF/NONSTIFF EQUATIONS (LSODA, ADVAN13)
0MODEL SUBROUTINE USER-SUPPLIED - ID NO. 9999
0MAXIMUM NO. OF BASIC PK PARAMETERS:   3
0COMPARTMENT ATTRIBUTES
 COMPT. NO.   FUNCTION   INITIAL    ON/OFF      DOSE      DEFAULT    DEFAULT
                         STATUS     ALLOWED    ALLOWED    FOR DOSE   FOR OBS.
    1         DOSE         ON         YES        YES        YES        YES
    2         PERIPH       ON         YES        YES        NO         NO
    3         OUTPUT       OFF        YES        NO         NO         NO
 INITIAL (BASE) TOLERANCE SETTINGS:
 NRD (RELATIVE) VALUE(S) OF TOLERANCE:   5
 ANRD (ABSOLUTE) VALUE(S) OF TOLERANCE:  12
1
 ADDITIONAL PK PARAMETERS - ASSIGNMENT OF ROWS IN GG
 COMPT. NO.                             INDICES
              SCALE      BIOAVAIL.   ZERO-ORDER  ZERO-ORDER  ABSORB
                         FRACTION    RATE        DURATION    LAG
    1            4           *           *           *           *
    2            5           *           *           *           *
    3            *           -           -           -           -
             - PARAMETER IS NOT ALLOWED FOR THIS MODEL
             * PARAMETER IS NOT SUPPLIED BY PK SUBROUTINE;
               WILL DEFAULT TO ONE IF APPLICABLE
0DATA ITEM INDICES USED BY PRED ARE:
   EVENT ID DATA ITEM IS DATA ITEM NO.:     13
   TIME DATA ITEM IS DATA ITEM NO.:          2
   DOSE AMOUNT DATA ITEM IS DATA ITEM NO.:   4
   DOSE RATE DATA ITEM IS DATA ITEM NO.:     5

0PK SUBROUTINE CALLED WITH EVERY EVENT RECORD.
 PK SUBROUTINE NOT CALLED AT NONEVENT (ADDITIONAL OR LAGGED) DOSE TIMES.
0ERROR SUBROUTINE CALLED WITH EVERY EVENT RECORD.
0DES SUBROUTINE USES COMPACT STORAGE MODE.
1


 #TBLN:      1
 #METH: First Order Conditional Estimation with Interaction

 ESTIMATION STEP OMITTED:                 NO
 SHRINK INFO WITH EVALUATION (EVALSHRINK) NO
 ANALYSIS TYPE:                           POPULATION
 NUMBER OF SADDLE POINT RESET ITERATIONS:      0
 GRADIENT METHOD USED:               NOSLOW
 CONDITIONAL ESTIMATES USED:              YES
 CENTERED ETA:                            NO
 EPS-ETA INTERACTION:                     YES
 LAPLACIAN OBJ. FUNC.:                    NO
 NO. OF FUNCT. EVALS. ALLOWED:            9999
 NO. OF SIG. FIGURES REQUIRED:            3
 INTERMEDIATE PRINTOUT:                   YES
 ESTIMATE OUTPUT TO MSF:                  NO
 IND. OBJ. FUNC. VALUES SORTED:           NO
 NUMERICAL DERIVATIVE
       FILE REQUEST (NUMDER):               NONE
 MAP (ETAHAT) ESTIMATION METHOD (OPTMAP):   0
 ETA HESSIAN EVALUATION METHOD (ETADER):    0
 INITIAL ETA FOR MAP ESTIMATION (MCETA):    0
 SIGDIGITS FOR MAP ESTIMATION (SIGLO):      100
 GRADIENT SIGDIGITS OF
       FIXED EFFECTS PARAMETERS (SIGL):     100
 NOPRIOR SETTING (NOPRIOR):                 0
 NOCOV SETTING (NOCOV):                     OFF
 DERCONT SETTING (DERCONT):                 OFF
 FINAL ETA RE-EVALUATION (FNLETA):          1
 EXCLUDE NON-INFLUENTIAL (NON-INFL.) ETAS
       IN SHRINKAGE (ETASTYPE):             NO
 NON-INFL. ETA CORRECTION (NONINFETA):      0
 RAW OUTPUT FILE (FILE): psn.ext
 EXCLUDE TITLE (NOTITLE):                   NO
 EXCLUDE COLUMN LABELS (NOLABEL):           NO
 FORMAT FOR ADDITIONAL FILES (FORMAT):      S1PE12.5
 PARAMETER ORDER FOR OUTPUTS (ORDER):       TSOL
 KNUTHSUMOFF:                               0
 INCLUDE LNTWOPI:                           NO
 INCLUDE CONSTANT TERM TO PRIOR (PRIORC):   NO
 INCLUDE CONSTANT TERM TO OMEGA (ETA) (OLNTWOPI):NO
 ADDITIONAL CONVERGENCE TEST (CTYPE=4)?:    NO
 EM OR BAYESIAN METHOD USED:                 NONE

 TOLERANCES FOR ESTIMATION/EVALUATION STEP:
 NRD (RELATIVE) VALUE(S) OF TOLERANCE:   5
 ANRD (ABSOLUTE) VALUE(S) OF TOLERANCE:  12
 TOLERANCES FOR COVARIANCE STEP:
 NRD (RELATIVE) VALUE(S) OF TOLERANCE:   5
 ANRD (ABSOLUTE) VALUE(S) OF TOLERANCE:  12

 THE FOLLOWING LABELS ARE EQUIVALENT
 PRED=PREDI
 RES=RESI
 WRES=WRESI
 IWRS=IWRESI
 IPRD=IPREDI
 IRS=IRESI

 MONITORING OF SEARCH:


0ITERATION NO.:    0    OBJECTIVE VALUE:   10328.2092968900        NO. OF FUNC. EVALS.:   9
 CUMULATIVE NO. OF FUNC. EVALS.:        9
 NPARAMETR:  1.3973E+00  4.7066E+00  2.2876E-01  2.1274E+00  5.7803E+00 -1.2714E-01  6.0705E-01  3.7538E-01  2.8902E-01
 PARAMETER:  1.0000E-01  1.0000E-01  1.0000E-01  1.0000E-01  1.0000E-01  1.0000E-01  1.0000E-01  1.0000E-01  1.0000E-01
 GRADIENT:   8.3217E+01  9.1888E+01  6.5807E+01  8.8076E+01 -2.9346E+01  3.7988E+01  4.8991E+00  1.6229E+01  8.3405E+01

0ITERATION NO.:    5    OBJECTIVE VALUE:   10319.5010755428        NO. OF FUNC. EVALS.:  53
 CUMULATIVE NO. OF FUNC. EVALS.:       62
 NPARAMETR:  1.6146E+00  4.4799E+00  1.9648E-01  1.5746E+00  6.5768E+00 -1.2391E-01  6.1668E-01  3.6345E-01  3.0089E-01
 PARAMETER:  3.9042E-01 -4.3649E-02 -1.1461E-01 -3.7707E-01  6.7355E-01  3.4948E-01  1.0788E-01  8.3858E-02  1.2012E-01
 GRADIENT:   1.2774E+01 -6.4456E+00  1.7953E+01  8.2038E-01 -5.5451E+00 -6.4292E+00  8.2906E+00  1.3483E+01  2.1087E+02

0ITERATION NO.:   10    OBJECTIVE VALUE:   10314.8773635957        NO. OF FUNC. EVALS.: 107
 CUMULATIVE NO. OF FUNC. EVALS.:      169
 NPARAMETR:  1.6836E+00  4.5953E+00  1.5083E-01  1.6772E+00  7.0630E+00 -1.2260E-01  5.7689E-01  3.4702E-01  2.8869E-01
 PARAMETER:  4.8336E-01  2.8647E-02 -4.6828E-01 -2.8353E-01  1.1629E+00  4.3863E-01  7.4524E-02  6.0732E-02  9.9413E-02
 GRADIENT:   8.5414E+00 -1.5930E+01 -7.6898E+00  9.8318E+00 -9.3859E-03 -1.1744E+01 -4.2358E+00  9.7651E+00  8.3330E+01

0ITERATION NO.:   15    OBJECTIVE VALUE:   10313.4330189227        NO. OF FUNC. EVALS.: 113
 CUMULATIVE NO. OF FUNC. EVALS.:      282
 NPARAMETR:  1.5831E+00  4.6454E+00  1.6790E-01  1.7247E+00  7.1406E+00 -1.2389E-01  6.0468E-01  3.3782E-01  2.8103E-01
 PARAMETER:  3.4824E-01  6.0574E-02 -3.2723E-01 -2.4112E-01  1.2602E+00  3.5083E-01  9.8048E-02  4.7296E-02  8.5975E-02
 GRADIENT:   1.8853E+00 -1.1456E-01 -5.5947E+00 -9.1528E+00  2.7970E-01 -1.3494E+01  5.1502E+00  4.2616E+00  8.4588E+00

0ITERATION NO.:   20    OBJECTIVE VALUE:   10313.3182542020        NO. OF FUNC. EVALS.: 137
 CUMULATIVE NO. OF FUNC. EVALS.:      419             RESET HESSIAN, TYPE I
 NPARAMETR:  1.5911E+00  4.6307E+00  1.6793E-01  1.7231E+00  7.0335E+00 -1.2375E-01  5.8533E-01  3.3124E-01  2.8048E-01
 PARAMETER:  3.5888E-01  5.1160E-02 -3.2695E-01 -2.4260E-01  1.1277E+00  3.6116E-01  8.1787E-02  3.7460E-02  8.4987E-02
 GRADIENT:   3.9173E+01  7.0693E+01  2.4434E+01  4.7557E+01 -3.0132E-01  5.6510E+00  2.8421E-01  1.8231E+00  5.1526E+00

0ITERATION NO.:   25    OBJECTIVE VALUE:   10313.2946034624        NO. OF FUNC. EVALS.: 134
 CUMULATIVE NO. OF FUNC. EVALS.:      553
 NPARAMETR:  1.5912E+00  4.6317E+00  1.6789E-01  1.7242E+00  7.0879E+00 -1.2373E-01  5.8807E-01  3.3095E-01  2.8060E-01
 PARAMETER:  3.5901E-01  5.1770E-02 -3.2728E-01 -2.4156E-01  1.1933E+00  3.6201E-01  8.4117E-02  3.7024E-02  8.5203E-02
 GRADIENT:  -3.5371E-02  1.0932E+01  8.3634E-01 -5.1767E+00  1.8558E-02 -1.2916E+01  8.5943E-01  1.6664E+00  8.8332E+00

0ITERATION NO.:   26    OBJECTIVE VALUE:   10313.2946034624        NO. OF FUNC. EVALS.:  24
 CUMULATIVE NO. OF FUNC. EVALS.:      577
 NPARAMETR:  1.5912E+00  4.6317E+00  1.6788E-01  1.7242E+00  7.0869E+00 -1.2373E-01  5.8807E-01  3.3095E-01  2.8060E-01
 PARAMETER:  3.5901E-01  5.1770E-02 -3.2728E-01 -2.4156E-01  1.1933E+00  3.6201E-01  8.4117E-02  3.7024E-02  8.5203E-02
 GRADIENT:  -1.1351E+01 -8.7028E+00  3.6799E+00 -1.2778E+01  1.6896E-02 -8.5463E+00 -2.0372E+01 -1.0501E+01 -5.7172E+00
 NUMSIGDIG:         3.9         4.5         2.8         3.7         2.3         3.4         4.2         4.4         4.6

 #TERM:
0MINIMIZATION TERMINATED
 DUE TO ROUNDING ERRORS (ERROR=134)
 NO. OF FUNCTION EVALUATIONS USED:      577
 NO. OF SIG. DIGITS IN FINAL EST.:  2.3
 ADDITIONAL PROBLEMS OCCURRED WITH THE MINIMIZATION.
 REGARD THE RESULTS OF THE ESTIMATION STEP CAREFULLY, AND ACCEPT THEM ONLY
 AFTER CHECKING THAT THE COVARIANCE STEP PRODUCES REASONABLE OUTPUT.

 ETABAR IS THE ARITHMETIC MEAN OF THE ETA-ESTIMATES,
 AND THE P-VALUE IS GIVEN FOR THE NULL HYPOTHESIS THAT THE TRUE MEAN IS 0.

 ETABAR:        -5.6935E-02  2.8496E-02
 SE:             8.7607E-02  6.5260E-02
 N:                      75          75

 P VAL.:         5.1576E-01  6.6236E-01

 ETASHRINKSD(%)  7.8566E-01  1.6340E+00
 ETASHRINKVR(%)  1.5652E+00  3.2414E+00
 EBVSHRINKSD(%)  4.3726E-01  1.0632E+00
 EBVSHRINKVR(%)  8.7262E-01  2.1152E+00
 RELATIVEINF(%)  9.9111E+01  9.7868E+01
 EPSSHRINKSD(%)  3.8515E+00  3.8515E+00
 EPSSHRINKVR(%)  7.5546E+00  7.5546E+00

  
 TOTAL DATA POINTS NORMALLY DISTRIBUTED (N):         2815
 N*LOG(2PI) CONSTANT TO OBJECTIVE FUNCTION:    5173.6239419423073     
 OBJECTIVE FUNCTION VALUE WITHOUT CONSTANT:    10313.294603462382     
 OBJECTIVE FUNCTION VALUE WITH CONSTANT:       15486.918545404689     
 REPORTED OBJECTIVE FUNCTION DOES NOT CONTAIN CONSTANT
  
 TOTAL EFFECTIVE ETAS (NIND*NETA):                           150
  
 #TERE:
 Elapsed estimation  time in seconds:  2109.03
 Elapsed postprocess time in seconds:     0.00
1
 
 
 
 
 
 
 
 
 
 
 
 
 
 
 
 
 
 
 
 
 ************************************************************************************************************************
 ********************                                                                                ********************
 ********************               FIRST ORDER CONDITIONAL ESTIMATION WITH INTERACTION              ********************
 #OBJT:**************                       MINIMUM VALUE OF OBJECTIVE FUNCTION                      ********************
 ********************                                                                                ********************
 ************************************************************************************************************************
 





 #OBJV:********************************************         10313.295       *********************************************
1
 ************************************************************************************************************************
 ********************                                                                                ********************
 ********************               FIRST ORDER CONDITIONAL ESTIMATION WITH INTERACTION              ********************
 ********************                             FINAL PARAMETER ESTIMATE                           ********************
 ********************                                                                                ********************
 ************************************************************************************************************************
 


 THETA - VECTOR OF FIXED EFFECTS PARAMETERS   *********


         TH 1      TH 2      TH 3      TH 4      TH 5      TH 6     
 
         1.59E+00  4.63E+00  1.68E-01  1.72E+00  7.09E+00 -1.24E-01
 


 OMEGA - COV MATRIX FOR RANDOM EFFECTS - ETAS  ********


         ETA1      ETA2     
 
 ETA1
+        5.88E-01
 
 ETA2
+        0.00E+00  3.31E-01
 


 SIGMA - COV MATRIX FOR RANDOM EFFECTS - EPSILONS  ****


         EPS1      EPS2     
 
 EPS1
+        2.81E-01
 
 EPS2
+        0.00E+00  1.00E-13
 
1


 OMEGA - CORR MATRIX FOR RANDOM EFFECTS - ETAS  *******


         ETA1      ETA2     
 
 ETA1
+        7.67E-01
 
 ETA2
+        0.00E+00  5.75E-01
 


 SIGMA - CORR MATRIX FOR RANDOM EFFECTS - EPSILONS  ***


         EPS1      EPS2     
 
 EPS1
+        5.30E-01
 
 EPS2
+        0.00E+00  3.16E-07
 
 Elapsed finaloutput time in seconds:     0.00
 #CPUT: Total CPU Time in Seconds,     2092.486
Stop Time:
do 08 jan 2026 01:57:58 CET
